[root@d04tapkafk001xx ~]# ansible localhost -m group -a "name=deploy state=present"
localhost | CHANGED => {
    "changed": true,
    "gid": 1224,
    "name": "deploy",
    "state": "present",
    "system": false
}

[root@d04tapkafk001xx ~]# ansible localhost -m user -a "name=deploy-user group=deploy state=present"
localhost | CHANGED => {
    "changed": true,
    "comment": "",
    "create_home": true,
    "group": 1224,
    "home": "/home/deploy-user",
    "name": "deploy-user",
    "shell": "/bin/bash",
    "state": "present",
    "system": false,
    "uid": 10125
}

[root@d04tapkafk001xx ~]# ansible localhost -m yum -a"name=httpd state=present"
localhost | SUCCESS => {
    "ansible_facts": {
        "pkg_mgr": "yum"
    },
    "changed": false,
    "msg": "",
    "rc": 0,
    "results": [
        "httpd-2.4.6-89.el7.centos.1.x86_64 providing httpd is already installed"
    ]
}

[root@d04tapkafk001xx ~]# ansible localhost -m service -a"name=httpd state=started"
localhost | SUCCESS => {
    "changed": false,
    "name": "httpd",
    "state": "started",
    "status": {
        "ActiveEnterTimestamp": "Tue 2019-11-26 10:36:06 GMT",
        "ActiveEnterTimestampMonotonic": "581643312118",
        "ActiveExitTimestampMonotonic": "0",
        "ActiveState": "active",
        "After": "network.target systemd-journald.socket var.mount remote-fs.target tmp.mount system.slice -.mount var-tmp.mount basic.target nss-lookup.target",
        "AllowIsolate": "no",
        "AmbientCapabilities": "0",
        "AssertResult": "yes",
        "AssertTimestamp": "Tue 2019-11-26 10:36:06 GMT",
        "AssertTimestampMonotonic": "581643275175",
        "Before": "shutdown.target",
        "BlockIOAccounting": "no",
        "BlockIOWeight": "18446744073709551615",
        "CPUAccounting": "no",
        "CPUQuotaPerSecUSec": "infinity",
        "CPUSchedulingPolicy": "0",
        "CPUSchedulingPriority": "0",
        "CPUSchedulingResetOnFork": "no",
        "CPUShares": "18446744073709551615",
        "CanIsolate": "no",
        "CanReload": "yes",
        "CanStart": "yes",
        "CanStop": "yes",
        "CapabilityBoundingSet": "18446744073709551615",
        "ConditionResult": "yes",
        "ConditionTimestamp": "Tue 2019-11-26 10:36:06 GMT",
        "ConditionTimestampMonotonic": "581643275175",
        "Conflicts": "shutdown.target",
        "ControlGroup": "/system.slice/httpd.service",
        "ControlPID": "0",
        "DefaultDependencies": "yes",
        "Delegate": "no",
        "Description": "The Apache HTTP Server",
        "DevicePolicy": "auto",
        "Documentation": "man:httpd(8) man:apachectl(8)",
        "EnvironmentFile": "/etc/sysconfig/httpd (ignore_errors=no)",
        "ExecMainCode": "0",
        "ExecMainExitTimestampMonotonic": "0",
        "ExecMainPID": "7906",
        "ExecMainStartTimestamp": "Tue 2019-11-26 10:36:06 GMT",
        "ExecMainStartTimestampMonotonic": "581643275780",
        "ExecMainStatus": "0",
        "ExecReload": "{ path=/usr/sbin/httpd ; argv[]=/usr/sbin/httpd $OPTIONS -k graceful ; ignore_errors=no ; start_time=[n/a] ; stop_time=[n/a] ; pid=0 ; code=(null) ; status=0/0 }",
        "ExecStart": "{ path=/usr/sbin/httpd ; argv[]=/usr/sbin/httpd $OPTIONS -DFOREGROUND ; ignore_errors=no ; start_time=[Tue 2019-11-26 10:36:06 GMT] ; stop_time=[n/a] ; pid=7906 ; code=(null) ; status=0/0 }",
        "ExecStop": "{ path=/bin/kill ; argv[]=/bin/kill -WINCH ${MAINPID} ; ignore_errors=no ; start_time=[n/a] ; stop_time=[n/a] ; pid=0 ; code=(null) ; status=0/0 }",
        "FailureAction": "none",
        "FileDescriptorStoreMax": "0",
        "FragmentPath": "/usr/lib/systemd/system/httpd.service",
        "GuessMainPID": "yes",
        "IOScheduling": "0",
        "Id": "httpd.service",
        "IgnoreOnIsolate": "no",
        "IgnoreOnSnapshot": "no",
        "IgnoreSIGPIPE": "yes",
        "InactiveEnterTimestampMonotonic": "0",
        "InactiveExitTimestamp": "Tue 2019-11-26 10:36:06 GMT",
        "InactiveExitTimestampMonotonic": "581643275816",
        "JobTimeoutAction": "none",
        "JobTimeoutUSec": "0",
        "KillMode": "control-group",
        "KillSignal": "18",
        "LimitAS": "18446744073709551615",
        "LimitCORE": "18446744073709551615",
        "LimitCPU": "18446744073709551615",
        "LimitDATA": "18446744073709551615",
        "LimitFSIZE": "18446744073709551615",
        "LimitLOCKS": "18446744073709551615",
        "LimitMEMLOCK": "65536",
        "LimitMSGQUEUE": "819200",
        "LimitNICE": "0",
        "LimitNOFILE": "4096",
        "LimitNPROC": "31193",
        "LimitRSS": "18446744073709551615",
        "LimitRTPRIO": "0",
        "LimitRTTIME": "18446744073709551615",
        "LimitSIGPENDING": "31193",
        "LimitSTACK": "18446744073709551615",
        "LoadState": "loaded",
        "MainPID": "7906",
        "MemoryAccounting": "no",
        "MemoryCurrent": "18446744073709551615",
        "MemoryLimit": "18446744073709551615",
        "MountFlags": "0",
        "Names": "httpd.service",
        "NeedDaemonReload": "no",
        "Nice": "0",
        "NoNewPrivileges": "no",
        "NonBlocking": "no",
        "NotifyAccess": "main",
        "OOMScoreAdjust": "0",
        "OnFailureJobMode": "replace",
        "PermissionsStartOnly": "no",
        "PrivateDevices": "no",
        "PrivateNetwork": "no",
        "PrivateTmp": "yes",
        "ProtectHome": "no",
        "ProtectSystem": "no",
        "RefuseManualStart": "no",
        "RefuseManualStop": "no",
        "RemainAfterExit": "no",
        "Requires": "-.mount basic.target var.mount var-tmp.mount",
        "RequiresMountsFor": "/var/tmp",
        "Restart": "no",
        "RestartUSec": "100ms",
        "Result": "success",
        "RootDirectoryStartOnly": "no",
        "RuntimeDirectoryMode": "0755",
        "SameProcessGroup": "no",
        "SecureBits": "0",
        "SendSIGHUP": "no",
        "SendSIGKILL": "yes",
        "Slice": "system.slice",
        "StandardError": "inherit",
        "StandardInput": "null",
        "StandardOutput": "journal",
        "StartLimitAction": "none",
        "StartLimitBurst": "5",
        "StartLimitInterval": "10000000",
        "StartupBlockIOWeight": "18446744073709551615",
        "StartupCPUShares": "18446744073709551615",
        "StatusErrno": "0",
        "StatusText": "Total requests: 0; Current requests/sec: 0; Current traffic:   0 B/sec",
        "StopWhenUnneeded": "no",
        "SubState": "running",
        "SyslogLevelPrefix": "yes",
        "SyslogPriority": "30",
        "SystemCallErrorNumber": "0",
        "TTYReset": "no",
        "TTYVHangup": "no",
        "TTYVTDisallocate": "no",
        "TasksAccounting": "no",
        "TasksCurrent": "18446744073709551615",
        "TasksMax": "18446744073709551615",
        "TimeoutStartUSec": "1min 30s",
        "TimeoutStopUSec": "1min 30s",
        "TimerSlackNSec": "50000",
        "Transient": "no",
        "Type": "notify",
        "UMask": "0022",
        "UnitFilePreset": "disabled",
        "UnitFileState": "disabled",
        "Wants": "system.slice",
        "WatchdogTimestamp": "Tue 2019-11-26 10:36:06 GMT",
        "WatchdogTimestampMonotonic": "581643312089",
        "WatchdogUSec": "0"
    }
}
[root@d04tapkafk001xx ~]#

[root@d04tapkafk001xx ~]# ansible localhost -m copy -a"src=index.html dest=/var/www/html/"
localhost | SUCCESS => {
    "changed": false,
    "checksum": "da39a3ee5e6b4b0d3255bfef95601890afd80709",
    "dest": "/var/www/html/index.html",
    "gid": 0,
    "group": "root",
    "mode": "0640",
    "owner": "root",
    "path": "/var/www/html/index.html",
    "size": 0,
    "state": "file",
    "uid": 0
}
[root@d04tapkafk001xx ~]# ansible localhost -m lineinfile  -a"path=/root/index.html line=Hello"
localhost | CHANGED => {
    "backup": "",
    "changed": true,
    "msg": "line added"
}
[root@d04tapkafk001xx ~]# cat index.html
Hello
[root@d04tapkafk001xx ~]#
